[5292:38876:0816/142524.463:WARNING:chrome_main_delegate.cc(745)] This is Chrome version 128.0.6613.138 (not a warning)
[5292:38876:0816/142524.504:WARNING:account_consistency_mode_manager.cc(77)] Desktop Identity Consistency cannot be enabled as no OAuth client ID and client secret have been configured.
[5292:38876:0816/142530.853:ERROR:device_event_log_impl.cc(196)] [14:25:30.335] USB: usb_service_win.cc:105 SetupDiGetDeviceProperty({{A45C254E-DF1C-4EFD-8020-67D146A850E0}, 6}) failed: Element not found. (0x490)
[37168:36532:0816/142531.533:WARNING:frame_impl.cc(430)] virtual CefFrameImpl::SendProcessMessage sent to detached frame 5-016461882AF1A5E8C8A70D40FCB474B2 will be ignored
[37472:37212:0816/142531.873:ERROR:ssl_client_socket_impl.cc(882)] handshake failed; returned -1, SSL error code 1, net_error -107
[37472:37212:0816/142532.545:ERROR:ssl_client_socket_impl.cc(882)] handshake failed; returned -1, SSL error code 1, net_error -100
[36000:26508:0816/142532.627:WARNING:codec.cc(525)] Explicitly added H264 constrained baseline to list of supported formats.
[36000:30512:0816/142532.640:WARNING:codec.cc(525)] Explicitly added H264 constrained baseline to list of supported formats.
[36000:30512:0816/142532.640:WARNING:codec.cc(525)] Explicitly added H264 constrained baseline to list of supported formats.
[36000:30512:0816/142532.640:WARNING:codec.cc(525)] Explicitly added H264 constrained baseline to list of supported formats.
[37472:37212:0816/142532.945:WARNING:host_resolver_dns_task.cc(863)] Address list empty after RFC3484 sort
[37472:37212:0816/142532.946:ERROR:socket_manager.cc(147)] Failed to resolve address for stun.cloudflare.com., errorcode: -105
[37472:37212:0816/142532.946:ERROR:socket_manager.cc(147)] Failed to resolve address for stun.cloudflare.com., errorcode: -105
[37472:37212:0816/142532.946:ERROR:socket_manager.cc(147)] Failed to resolve address for stun.cloudflare.com., errorcode: -105
[37472:37212:0816/142532.947:WARNING:host_resolver_dns_task.cc(863)] Address list empty after RFC3484 sort
[37472:37212:0816/142532.950:WARNING:host_resolver_dns_task.cc(863)] Address list empty after RFC3484 sort
[37472:37212:0816/142532.957:ERROR:socket_manager.cc(147)] Failed to resolve address for stun1.l.google.com., errorcode: -105
[37472:37212:0816/142532.957:ERROR:socket_manager.cc(147)] Failed to resolve address for stun1.l.google.com., errorcode: -105
[37472:37212:0816/142532.957:ERROR:socket_manager.cc(147)] Failed to resolve address for stun1.l.google.com., errorcode: -105
[37472:37212:0816/142532.959:ERROR:socket_manager.cc(147)] Failed to resolve address for stun.l.google.com., errorcode: -105
[37472:37212:0816/142532.959:ERROR:socket_manager.cc(147)] Failed to resolve address for stun.l.google.com., errorcode: -105
[37472:37212:0816/142532.959:ERROR:socket_manager.cc(147)] Failed to resolve address for stun.l.google.com., errorcode: -105
[36000:30512:0816/142533.210:WARNING:stun_port.cc(442)] Port[110e000:0:1:0:host:Net[any:0:0:0:x:x:x:x:x/0:Wildcard:id=0]]: StunPort: stun host lookup received error -1
[36000:30512:0816/142533.210:WARNING:stun_port.cc(442)] Port[110e800:1:1:0:host:Net[any:0:0:0:x:x:x:x:x/0:Wildcard:id=0]]: StunPort: stun host lookup received error -1
[36000:30512:0816/142533.210:WARNING:stun_port.cc(442)] Port[110f000:2:1:0:host:Net[any:0:0:0:x:x:x:x:x/0:Wildcard:id=0]]: StunPort: stun host lookup received error -1
[36000:30512:0816/142533.210:WARNING:stun_port.cc(442)] Port[110e000:0:1:0:host:Net[any:0:0:0:x:x:x:x:x/0:Wildcard:id=0]]: StunPort: stun host lookup received error -1
[36000:30512:0816/142533.210:WARNING:stun_port.cc(442)] Port[110e800:1:1:0:host:Net[any:0:0:0:x:x:x:x:x/0:Wildcard:id=0]]: StunPort: stun host lookup received error -1
[36000:30512:0816/142533.210:WARNING:stun_port.cc(442)] Port[110f000:2:1:0:host:Net[any:0:0:0:x:x:x:x:x/0:Wildcard:id=0]]: StunPort: stun host lookup received error -1
[36000:30512:0816/142533.210:WARNING:stun_port.cc(442)] Port[110e000:0:1:0:host:Net[any:0:0:0:x:x:x:x:x/0:Wildcard:id=0]]: StunPort: stun host lookup received error -1
[36000:30512:0816/142533.210:WARNING:stun_port.cc(442)] Port[110e800:1:1:0:host:Net[any:0:0:0:x:x:x:x:x/0:Wildcard:id=0]]: StunPort: stun host lookup received error -1
[36000:30512:0816/142533.210:WARNING:stun_port.cc(442)] Port[110f000:2:1:0:host:Net[any:0:0:0:x:x:x:x:x/0:Wildcard:id=0]]: StunPort: stun host lookup received error -1
[5292:14944:0816/142533.538:WARNING:browser_info.cc(345)] Returning a speculative frame for [9,9]
[5292:38876:0816/142533.866:WARNING:browser_info.cc(345)] Returning a speculative frame for [10,9]
[5292:38876:0816/142533.866:WARNING:browser_info.cc(345)] Returning a speculative frame for [10,9]
[5292:38876:0816/142533.866:WARNING:browser_info.cc(345)] Returning a speculative frame for [10,9]
[5292:38876:0816/142533.866:WARNING:browser_info.cc(345)] Returning a speculative frame for [10,9]
[5292:14944:0816/142533.872:WARNING:browser_info.cc(345)] Returning a speculative frame for [10,9]
[21900:15988:0816/142534.865:WARNING:codec.cc(525)] Explicitly added H264 constrained baseline to list of supported formats.
[21900:34388:0816/142534.891:WARNING:codec.cc(525)] Explicitly added H264 constrained baseline to list of supported formats.
[21900:34388:0816/142534.891:WARNING:codec.cc(525)] Explicitly added H264 constrained baseline to list of supported formats.
[21900:34388:0816/142534.891:WARNING:codec.cc(525)] Explicitly added H264 constrained baseline to list of supported formats.
[37472:37212:0816/142535.238:WARNING:host_resolver_dns_task.cc(863)] Address list empty after RFC3484 sort
[37472:37212:0816/142535.238:ERROR:socket_manager.cc(147)] Failed to resolve address for stun.cloudflare.com., errorcode: -105
[37472:37212:0816/142535.238:ERROR:socket_manager.cc(147)] Failed to resolve address for stun.cloudflare.com., errorcode: -105
[37472:37212:0816/142535.238:ERROR:socket_manager.cc(147)] Failed to resolve address for stun.cloudflare.com., errorcode: -105
[21900:34388:0816/142535.239:WARNING:stun_port.cc(442)] Port[10d4800:0:1:0:host:Net[any:0:0:0:x:x:x:x:x/0:Wildcard:id=0]]: StunPort: stun host lookup received error -1
[21900:34388:0816/142535.239:WARNING:stun_port.cc(442)] Port[10d5000:1:1:0:host:Net[any:0:0:0:x:x:x:x:x/0:Wildcard:id=0]]: StunPort: stun host lookup received error -1
[21900:34388:0816/142535.239:WARNING:stun_port.cc(442)] Port[10d5800:2:1:0:host:Net[any:0:0:0:x:x:x:x:x/0:Wildcard:id=0]]: StunPort: stun host lookup received error -1
[37472:37212:0816/142535.243:WARNING:host_resolver_dns_task.cc(863)] Address list empty after RFC3484 sort
[37472:37212:0816/142535.243:ERROR:socket_manager.cc(147)] Failed to resolve address for stun.l.google.com., errorcode: -105
[37472:37212:0816/142535.243:ERROR:socket_manager.cc(147)] Failed to resolve address for stun.l.google.com., errorcode: -105
[37472:37212:0816/142535.243:ERROR:socket_manager.cc(147)] Failed to resolve address for stun.l.google.com., errorcode: -105
[21900:34388:0816/142535.243:WARNING:stun_port.cc(442)] Port[10d4800:0:1:0:host:Net[any:0:0:0:x:x:x:x:x/0:Wildcard:id=0]]: StunPort: stun host lookup received error -1
[21900:34388:0816/142535.243:WARNING:stun_port.cc(442)] Port[10d5000:1:1:0:host:Net[any:0:0:0:x:x:x:x:x/0:Wildcard:id=0]]: StunPort: stun host lookup received error -1
[21900:34388:0816/142535.243:WARNING:stun_port.cc(442)] Port[10d5800:2:1:0:host:Net[any:0:0:0:x:x:x:x:x/0:Wildcard:id=0]]: StunPort: stun host lookup received error -1
[37472:37212:0816/142535.245:WARNING:host_resolver_dns_task.cc(863)] Address list empty after RFC3484 sort
[37472:37212:0816/142535.246:ERROR:socket_manager.cc(147)] Failed to resolve address for stun1.l.google.com., errorcode: -105
[37472:37212:0816/142535.246:ERROR:socket_manager.cc(147)] Failed to resolve address for stun1.l.google.com., errorcode: -105
[37472:37212:0816/142535.246:ERROR:socket_manager.cc(147)] Failed to resolve address for stun1.l.google.com., errorcode: -105
[21900:34388:0816/142535.246:WARNING:stun_port.cc(442)] Port[10d4800:0:1:0:host:Net[any:0:0:0:x:x:x:x:x/0:Wildcard:id=0]]: StunPort: stun host lookup received error -1
[21900:34388:0816/142535.246:WARNING:stun_port.cc(442)] Port[10d5000:1:1:0:host:Net[any:0:0:0:x:x:x:x:x/0:Wildcard:id=0]]: StunPort: stun host lookup received error -1
[21900:34388:0816/142535.246:WARNING:stun_port.cc(442)] Port[10d5800:2:1:0:host:Net[any:0:0:0:x:x:x:x:x/0:Wildcard:id=0]]: StunPort: stun host lookup received error -1
[21900:15988:0816/142540.146:WARNING:codec.cc(525)] Explicitly added H264 constrained baseline to list of supported formats.
[37472:37212:0816/142546.543:ERROR:ssl_client_socket_impl.cc(882)] handshake failed; returned -1, SSL error code 1, net_error -100
[37472:37212:0816/142601.217:ERROR:ssl_client_socket_impl.cc(882)] handshake failed; returned -1, SSL error code 1, net_error -107
[5292:38876:0816/155843.660:WARNING:pref_notifier_impl.cc(41)] Pref observer for media_router.cast_allow_all_ips found at shutdown.
